Œ³“ú,2014/1/1
¬l‚Ì“ú,2014/1/13
Œš‘‹L”O‚Ì“ú,2014/2/11
t•ª‚Ì“ú,2014/3/21
º˜a‚Ì“ú,2014/4/29
Œ›–@‹L”O“ú,2014/5/3
‚Ý‚Ç‚è‚Ì“ú,2014/5/4
‚±‚Ç‚à‚Ì“ú,2014/5/5
U‘Ö‹x“ú,2014/5/6
ŠC‚Ì“ú,2014/7/21
Œh˜V‚Ì“ú,2014/9/15
H•ª‚Ì“ú,2014/9/23
‘Ìˆç‚Ì“ú,2014/10/13
•¶‰»‚Ì“ú,2014/11/3
‹Î˜JŠ´ŽÓ‚Ì“ú,2014/11/23
U‘Ö‹x“ú,2014/11/24
“Vc’a¶“ú,2014/12/23
Œ³“ú,2015/1/1
¬l‚Ì“ú,2015/1/12
Œš‘‹L”O‚Ì“ú,2015/2/11
t•ª‚Ì“ú,2015/3/21
º˜a‚Ì“ú,2015/4/29
Œ›–@‹L”O“ú,2015/5/3
‚Ý‚Ç‚è‚Ì“ú,2015/5/4
‚±‚Ç‚à‚Ì“ú,2015/5/5
U‘Ö‹x“ú,2015/5/6
ŠC‚Ì“ú,2015/7/20
Œh˜V‚Ì“ú,2015/9/21
‘–¯‚Ì‹x“ú,2015/9/22
H•ª‚Ì“ú,2015/9/23
‘Ìˆç‚Ì“ú,2015/10/12
•¶‰»‚Ì“ú,2015/11/3
‹Î˜JŠ´ŽÓ‚Ì“ú,2015/11/23
“Vc’a¶“ú,2015/12/23
Œ³“ú,2016/1/1
¬l‚Ì“ú,2016/1/11
Œš‘‹L”O‚Ì“ú,2016/2/11
t•ª‚Ì“ú,2016/3/20
U‘Ö‹x“ú,2016/3/21
º˜a‚Ì“ú,2016/4/29
Œ›–@‹L”O“ú,2016/5/3
‚Ý‚Ç‚è‚Ì“ú,2016/5/4
‚±‚Ç‚à‚Ì“ú,2016/5/5
ŠC‚Ì“ú,2016/7/18
Œh˜V‚Ì“ú,2016/9/19
H•ª‚Ì“ú,2016/9/22
‘Ìˆç‚Ì“ú,2016/10/10
•¶‰»‚Ì“ú,2016/11/3
‹Î˜JŠ´ŽÓ‚Ì“ú,2016/11/23
“Vc’a¶“ú,2016/12/23
Œ³“ú,2017/1/1
U‘Ö‹x“ú,2017/1/2
¬l‚Ì“ú,2017/1/9
Œš‘‹L”O‚Ì“ú,2017/2/11
t•ª‚Ì“ú,2017/3/20
º˜a‚Ì“ú,2017/4/29
Œ›–@‹L”O“ú,2017/5/3
‚Ý‚Ç‚è‚Ì“ú,2017/5/4
‚±‚Ç‚à‚Ì“ú,2017/5/5
ŠC‚Ì“ú,2017/7/17
ŽR‚Ì“ú,2017/8/11
Œh˜V‚Ì“ú,2017/9/18
H•ª‚Ì“ú,2017/9/23
‘Ìˆç‚Ì“ú,2017/10/9
•¶‰»‚Ì“ú,2017/11/3
‹Î˜JŠ´ŽÓ‚Ì“ú,2017/11/23
“Vc’a¶“ú,2017/12/23
Œ³“ú,2018/1/1
¬l‚Ì“ú,2018/1/8
Œš‘‹L”O‚Ì“ú,2018/2/11
U‘Ö‹x“ú,2018/2/12
t•ª‚Ì“ú,2018/3/21
º˜a‚Ì“ú,2018/4/29
U‘Ö‹x“ú,2018/4/30
Œ›–@‹L”O“ú,2018/5/3
‚Ý‚Ç‚è‚Ì“ú,2018/5/4
‚±‚Ç‚à‚Ì“ú,2018/5/5
ŠC‚Ì“ú,2018/7/16
ŽR‚Ì“ú,2018/8/11
Œh˜V‚Ì“ú,2018/9/17
H•ª‚Ì“ú,2018/9/23
U‘Ö‹x“ú,2018/9/24
‘Ìˆç‚Ì“ú,2018/10/8
•¶‰»‚Ì“ú,2018/11/3
‹Î˜JŠ´ŽÓ‚Ì“ú,2018/11/23
“Vc’a¶“ú,2018/12/23
U‘Ö‹x“ú,2018/12/24
Œ³“ú,2019/1/1
¬l‚Ì“ú,2019/1/14
Œš‘‹L”O‚Ì“ú,2019/2/11
t•ª‚Ì“ú,2019/3/21
º˜a‚Ì“ú,2019/4/29
“Á•Êj“ú,2019/5/1
Œ›–@‹L”O“ú,2019/5/3
‚Ý‚Ç‚è‚Ì“ú,2019/5/4
‚±‚Ç‚à‚Ì“ú,2019/5/5
U‘Ö‹x“ú,2019/5/6
ŠC‚Ì“ú,2019/7/15
ŽR‚Ì“ú,2019/8/11
U‘Ö‹x“ú,2019/8/12
Œh˜V‚Ì“ú,2019/9/16
H•ª‚Ì“ú,2019/9/23
‘Ìˆç‚Ì“ú,2019/10/14
•¶‰»‚Ì“ú,2019/11/3
U‘Ö‹x“ú,2019/11/4
‹Î˜JŠ´ŽÓ‚Ì“ú,2019/11/23
Œ³“ú,2020/1/1
¬l‚Ì“ú,2020/1/13
Œš‘‹L”O‚Ì“ú,2020/2/11
“Vc’a¶“ú,2020/2/23
U‘Ö‹x“ú,2020/2/24
t•ª‚Ì“ú,2020/3/20
º˜a‚Ì“ú,2020/4/29
Œ›–@‹L”O“ú,2020/5/3
‚Ý‚Ç‚è‚Ì“ú,2020/5/4
‚±‚Ç‚à‚Ì“ú,2020/5/5
U‘Ö‹x“ú,2020/5/6
ŠC‚Ì“ú,2020/7/23
ƒXƒ|[ƒc‚Ì“ú,2020/7/24
ŽR‚Ì“ú,2020/8/10
Œh˜V‚Ì“ú,2020/9/21
H•ª‚Ì“ú,2020/9/22
•¶‰»‚Ì“ú,2020/11/3
‹Î˜JŠ´ŽÓ‚Ì“ú,2020/11/23
Œ³“ú,2021/1/1
¬l‚Ì“ú,2021/1/11
Œš‘‹L”O‚Ì“ú,2021/2/11
“Vc’a¶“ú,2021/2/23
t•ª‚Ì“ú,2021/3/20
º˜a‚Ì“ú,2021/4/29
Œ›–@‹L”O“ú,2021/5/3
‚Ý‚Ç‚è‚Ì“ú,2021/5/4
‚±‚Ç‚à‚Ì“ú,2021/5/5
ŠC‚Ì“ú,2021/7/22
ƒXƒ|[ƒc‚Ì“ú,2021/7/23
ŽR‚Ì“ú,2021/8/9
Œh˜V‚Ì“ú,2021/9/20
H•ª‚Ì“ú,2021/9/23
•¶‰»‚Ì“ú,2021/11/3
‹Î˜JŠ´ŽÓ‚Ì“ú,2021/11/23
Œ³“ú,2022/1/1
¬l‚Ì“ú,2022/1/10
Œš‘‹L”O‚Ì“ú,2022/2/11
“Vc’a¶“ú,2022/2/23
t•ª‚Ì“ú,2022/3/21
º˜a‚Ì“ú,2022/4/29
Œ›–@‹L”O“ú,2022/5/3
‚Ý‚Ç‚è‚Ì“ú,2022/5/4
‚±‚Ç‚à‚Ì“ú,2022/5/5
ŠC‚Ì“ú,2022/7/18
ŽR‚Ì“ú,2022/8/11
Œh˜V‚Ì“ú,2022/9/19
H•ª‚Ì“ú,2022/9/23
ƒXƒ|[ƒc‚Ì“ú,2022/10/10
•¶‰»‚Ì“ú,2022/11/3
‹Î˜JŠ´ŽÓ‚Ì“ú,2022/11/23
